Removed Pin From Net: NetName=LED_PWR_K Pin=D1-1
Removed Pin From Net: NetName=3V3 Pin=D1-2
Removed Pin From Net: NetName=MCU_LED_A Pin=D2-2
Change Component Footprint: Designator=D1 Old Footprint=KING-WP934CBGD_V New Footprint=FP-SM0402GC-MFG
Change Component Footprint: Designator=D2 Old Footprint=KING-WP934CBGD_V New Footprint=FP-SM0402GC-MFG
Change Component Comment : Designator=D1 Old Comment=WP934CB/GD New Comment=SM0402GC
Change Component Comment : Designator=D2 Old Comment=WP934CB/GD New Comment=SM0402GC
Change Component Designator: OldDesignator=J2 NewDesignator=J??
Change Managed Component Library Link : Designator=D1 Old VaultGUID=B7D15EC3-160A-466F-A46C-7801FE6295A7 New VaultGUID=B7D15EC3-160A-466F-A46C-7801FE6295A7 Old ItemGUID=C9DC0AF8-0226-4D8C-855C-9C0F526FE2A4 New ItemGUID=0FDAB5E2-69AA-4969-B71B-71868171C02A Old RevisionGUID=E27F865B-1F48-4000-AB25-98BF9AD0D3E3 New RevisionGUID=8C2B437F-9F2B-476F-8AAA-9E0565D08F3A
Change Managed Component Library Link : Designator=D2 Old VaultGUID=B7D15EC3-160A-466F-A46C-7801FE6295A7 New VaultGUID=B7D15EC3-160A-466F-A46C-7801FE6295A7 Old ItemGUID=C9DC0AF8-0226-4D8C-855C-9C0F526FE2A4 New ItemGUID=0FDAB5E2-69AA-4969-B71B-71868171C02A Old RevisionGUID=E27F865B-1F48-4000-AB25-98BF9AD0D3E3 New RevisionGUID=8C2B437F-9F2B-476F-8AAA-9E0565D08F3A
Change component parameters: Designator = "D1" ("D1"); Footprint = "KING-WP934CBGD_V"; UniqueID = "\KZZKCGFD" ("\KZZKCGFD")
Change component parameters (AddParameter): Name = "Case Code (Imperial)"; Value = "0402"; VariantName = "[No Variations]"
Change component parameters (AddParameter): Name = "Case Code (Metric)"; Value = "1005"; VariantName = "[No Variations]"
Change component parameters (AddParameter): Name = "Case/Package"; Value = "0402"; VariantName = "[No Variations]"
Change component parameters (AddParameter): Name = "Color"; Value = "Green"; VariantName = "[No Variations]"
Change component parameters (AddParameter): Name = "Dominant Wavelength"; Value = "572nm"; VariantName = "[No Variations]"
Change component parameters (AddParameter): Name = "Forward Voltage"; Value = "1.9V"; VariantName = "[No Variations]"
Change component parameters (AddParameter): Name = "Height"; Value = "0.71mm"; VariantName = "[No Variations]"
Change component parameters (AddParameter): Name = "Length"; Value = "1mm"; VariantName = "[No Variations]"
Change component parameters (AddParameter): Name = "Lens Color"; Value = "Colorless"; VariantName = "[No Variations]"
Change component parameters (AddParameter): Name = "Lens Size"; Value = "1mm"; VariantName = "[No Variations]"
Change component parameters (AddParameter): Name = "Lens Style"; Value = "Flat"; VariantName = "[No Variations]"
Change component parameters (AddParameter): Name = "Lens Transparency"; Value = "Clear"; VariantName = "[No Variations]"
Change component parameters (AddParameter): Name = "Luminous Intensity"; Value = "28.5mcd"; VariantName = "[No Variations]"
Change component parameters (AddParameter): Name = "Mount"; Value = "Surface Mount"; VariantName = "[No Variations]"
Change component parameters (AddParameter): Name = "Packaging"; Value = "Tape and Reel"; VariantName = "[No Variations]"
Change component parameters (AddParameter): Name = "Test Current"; Value = "20mA"; VariantName = "[No Variations]"
Change component parameters (AddParameter): Name = "Viewing Angle"; Value = "130°"; VariantName = "[No Variations]"
Change component parameters (AddParameter): Name = "Width"; Value = "0.5mm"; VariantName = "[No Variations]"
Change component parameters: Designator = "D2" ("D2"); Footprint = "KING-WP934CBGD_V"; UniqueID = "\NWRATMFC" ("\NWRATMFC")
Change component parameters (AddParameter): Name = "Case Code (Imperial)"; Value = "0402"; VariantName = "[No Variations]"
Change component parameters (AddParameter): Name = "Case Code (Metric)"; Value = "1005"; VariantName = "[No Variations]"
Change component parameters (AddParameter): Name = "Case/Package"; Value = "0402"; VariantName = "[No Variations]"
Change component parameters (AddParameter): Name = "Color"; Value = "Green"; VariantName = "[No Variations]"
Change component parameters (AddParameter): Name = "Dominant Wavelength"; Value = "572nm"; VariantName = "[No Variations]"
Change component parameters (AddParameter): Name = "Forward Voltage"; Value = "1.9V"; VariantName = "[No Variations]"
Change component parameters (AddParameter): Name = "Height"; Value = "0.71mm"; VariantName = "[No Variations]"
Change component parameters (AddParameter): Name = "Length"; Value = "1mm"; VariantName = "[No Variations]"
Change component parameters (AddParameter): Name = "Lens Color"; Value = "Colorless"; VariantName = "[No Variations]"
Change component parameters (AddParameter): Name = "Lens Size"; Value = "1mm"; VariantName = "[No Variations]"
Change component parameters (AddParameter): Name = "Lens Style"; Value = "Flat"; VariantName = "[No Variations]"
Change component parameters (AddParameter): Name = "Lens Transparency"; Value = "Clear"; VariantName = "[No Variations]"
Change component parameters (AddParameter): Name = "Luminous Intensity"; Value = "28.5mcd"; VariantName = "[No Variations]"
Change component parameters (AddParameter): Name = "Mount"; Value = "Surface Mount"; VariantName = "[No Variations]"
Change component parameters (AddParameter): Name = "Packaging"; Value = "Tape and Reel"; VariantName = "[No Variations]"
Change component parameters (AddParameter): Name = "Test Current"; Value = "20mA"; VariantName = "[No Variations]"
Change component parameters (AddParameter): Name = "Viewing Angle"; Value = "130°"; VariantName = "[No Variations]"
Change component parameters (AddParameter): Name = "Width"; Value = "0.5mm"; VariantName = "[No Variations]"
Added Pin To Net: NetName=3V3 Pin=D1-1
Added Pin To Net: NetName=LED_PWR_K Pin=D1-2
Added Pin To Net: NetName=MCU_LED_A Pin=D2-1
Added Pin To Net: NetName=NetD2_2 Pin=D2-2
Added Pin To Net: NetName=NetD2_2 Pin=R5-1
Added Net: Name=NetD2_2
