Change Component Comment : Designator= Old Comment=2.2 uF New Comment=C13
Change Component Comment : Designator=22u Old Comment=C0805C185K4RACTU New Comment=2u2
Change Component Comment : Designator=22u Old Comment=C0805C185K4RACTU New Comment=22u
Change Component Designator: OldDesignator=1K NewDesignator=R5
Change Component Designator: OldDesignator=2k2 NewDesignator=R3
Change Component Designator: OldDesignator=2k2 NewDesignator=R4
Change Component Designator: OldDesignator=10K NewDesignator=R6
Change Component Designator: OldDesignator=10K NewDesignator=R7
Change Component Designator: OldDesignator=22u NewDesignator=C3
Change Component Designator: OldDesignator=22u NewDesignator=C4
Change Component Designator: OldDesignator=C1 NewDesignator=C12
Change Component Designator: OldDesignator=C2 NewDesignator=C11
Change Component Designator: OldDesignator=C3 NewDesignator=C10
Change Component Designator: OldDesignator=C4 NewDesignator=C9
Change Component Designator: OldDesignator=C5 NewDesignator=C8
Change Component Designator: OldDesignator=C6 NewDesignator=C7
Change Component Designator: OldDesignator=C7 NewDesignator=C6
Change Component Designator: OldDesignator=C8 NewDesignator=C5
Change Component Designator: OldDesignator=C? NewDesignator=C1
Change Component Designator: OldDesignator=C? NewDesignator=C2
Change Component Designator: OldDesignator=C? NewDesignator=C14
Change Component Designator: OldDesignator=C? NewDesignator=C15
Change Component Designator: OldDesignator=C? NewDesignator=C16
Change Component Designator: OldDesignator=C? NewDesignator=C17
Change Component Designator: OldDesignator=C? NewDesignator=C18
Change Component Designator: OldDesignator=R3 NewDesignator=R1
Change Component Designator: OldDesignator=R? NewDesignator=R2
Change Net Name : Old Net Name=Net1K_1 New Net Name=NetGreen LED?_1
Change Net Name : Old Net Name=NetR?_2 New Net Name=NetR2_2
Added Member To Class: ClassName=PCB_Schematic Member=Component C1 2.2 uF
Added Member To Class: ClassName=PCB_Schematic Member=Component C9 100 nF
Added Member To Class: ClassName=PCB_Schematic Member=Component C10 100 nF
Added Member To Class: ClassName=PCB_Schematic Member=Component C11 100 nF
Added Member To Class: ClassName=PCB_Schematic Member=Component C12 100 nF
Added Member To Class: ClassName=PCB_Schematic Member=Component C14 100 nF
Added Member To Class: ClassName=PCB_Schematic Member=Component C15 100 nF
Added Member To Class: ClassName=PCB_Schematic Member=Component C16 100 nF
Added Member To Class: ClassName=PCB_Schematic Member=Component C17 10nF
Added Member To Class: ClassName=PCB_Schematic Member=Component C18 2n2
Added Member To Class: ClassName=PCB_Schematic Member=Component R3 MCU08050D2201BP500
Added Member To Class: ClassName=PCB_Schematic Member=Component R7 AC0603JR-7W10KL
Added Member To Class: ClassName=PCB_Schematic Member=Component U2 STM32F411CEU6
